{
 "base": {
  "npmExit": 1,
  "npmTest": {
   "smoke": [
    440,
    0
   ],
   "integrity": [
    38,
    38,
    0
   ],
   "buttons": [
    918,
    918
   ],
   "shipyardModularFiles": 178,
   "moduleGuard": [
    6007,
    74,
    260,
    0,
    0
   ]
  }
 },
 "work": {
  "npmExit": 1,
  "npmTest": {
   "smoke": [
    440,
    0
   ],
   "integrity": [
    38,
    38,
    0
   ],
   "buttons": [
    918,
    918
   ],
   "shipyardModularFiles": 179,
   "moduleGuard": [
    5942,
    71,
    260,
    0,
    0
   ]
  }
 },
 "sameNumbers": false,
 "smokeTitleCount": [
  483,
  483
 ],
 "smokeTitlesIdentical": false,
 "files": 115,
 "exitDiff": [],
 "outDiff": [
  "tests/avatar-personas-split.test.js",
  "tests/cell-map-export-es414.test.js",
  "tests/goal-templates-data-split.test.js"
 ]
}
(node:8884) [DEP0190] DeprecationWarning: Passing args to a child process with shell option true can lead to security vulnerabilities, as the arguments are not escaped, only concatenated.
(Use `node --trace-deprecation ...` to show where the warning was created)
