{
  "id": "C1",
  "req": "R1",
  "kind": "behavior",
  "change": "preserve",
  "statement": "계산기 분열 후에도 버튼을 누르면 결과가 정상 노출된다",
  "domain": "ui-behavior",
  "touches": [
    "js/calc.js"
  ],
  "outcome": "확인 못 함",
  "achieved": "L3",
  "floor": "L3",
  "floorWhy": "분야 ui-behavior",
  "floorRaised": false,
  "meetsFloor": false,
  "notes": [
    "확인 부족(분열 증거 검증 미달): 필수 로드/시험/탭 증거 누락 (moduleLoad)"
  ],
  "evidence": {
    "type": "scenario",
    "scenarioId": "test-sc",
    "title": "보존 시험",
    "steps": [
      {
        "do": "goto",
        "path": "/index.html"
      },
      {
        "do": "click",
        "selector": "#btn"
      },
      {
        "expect": "visible",
        "selector": "#result"
      }
    ],
    "head": {
      "passed": true,
      "failedStep": null,
      "failKind": null,
      "provesBehavior": true,
      "steps": [
        {
          "name": "goto",
          "detail": "goto /index.html"
        },
        {
          "name": "click",
          "detail": "click #btn"
        },
        {
          "name": "expect",
          "detail": "visible #result"
        }
      ],
      "captures": [
        {
          "dom": "A",
          "localStorage": "B",
          "sessionStorage": "C",
          "toast": "D",
          "err": "E",
          "modal": "F"
        }
      ],
      "fixtures": []
    },
    "base": {
      "passed": true,
      "failedStep": null,
      "failKind": null,
      "provesBehavior": true,
      "steps": [
        {
          "name": "goto",
          "detail": "goto /index.html"
        },
        {
          "name": "click",
          "detail": "click #btn"
        },
        {
          "name": "expect",
          "detail": "visible #result"
        }
      ],
      "captures": [
        {
          "dom": "A",
          "localStorage": "B",
          "sessionStorage": "C",
          "toast": "D",
          "err": "E",
          "modal": "F"
        }
      ],
      "fixtures": []
    },
    "base2": {
      "passed": true,
      "failedStep": null,
      "failKind": null,
      "provesBehavior": true,
      "steps": [
        {
          "name": "goto",
          "detail": "goto /index.html"
        },
        {
          "name": "click",
          "detail": "click #btn"
        },
        {
          "name": "expect",
          "detail": "visible #result"
        }
      ],
      "captures": [
        {
          "dom": "A",
          "localStorage": "B",
          "sessionStorage": "C",
          "toast": "D",
          "err": "E",
          "modal": "F"
        }
      ],
      "fixtures": []
    },
    "splitProof": {
      "ok": false,
      "reason": "필수 로드/시험/탭 증거 누락 (moduleLoad)"
    }
  },
  "fingerprint": "d6d4ff66b479a10b"
}