법정 자가시험 — 가짜는 전부 걸러지고 정직한 작업은 통과해야 한다 (node v24.15.0)

[1] 단위 시험(브라우저 불필요)
  [기대대로] U-strip-js strip: JS 주석은 지우고 문자열·템플릿·정규식 리터럴 안의 // 는 남긴다 (0.0초)
  [기대대로] U-strip-html strip: HTML 주석과 <script>·<style> 블록 안의 주석을 걷어낸다 (0.0초)
  [기대대로] U-static-claim 글자 확인(static): 주석뿐인 구현·공백만 바꾼 JSON 은 “아직 안 됨” (0.0초)
  [기대대로] U-vault-glob 금고 glob: court/** · .github/** 는 중첩 경로까지, *.js 는 한 단계만 (0.0초)
  [기대대로] U-removed-assertions 단언 비교: 이동·공백 변경은 무시하고 삭제·완화만 잡는다 (0.0초)
  [기대대로] U-scenario-vocab 시나리오 닫힌 어휘: 어휘 밖 동작·키·경로·상태 주입은 전부 무효 (0.0초)
  [기대대로] U-claims-format 주장 파일: 등급·판정을 작업자가 적으면 형식 오류 (0.0초)
  [기대대로] U-floor 확인 수준 하한: 분야를 낮게 적어도 걸린 파일·문장 낱말로 다시 올린다 (0.0초)
  [기대대로] U-grade 확인 수준 비교(meets): 모르는 등급은 어느 쪽에 와도 충족이 아니다 (0.0초)
  [기대대로] U-rollup 집계: 분모는 지시 항목 수, 복제 시험은 1건, 안 된 주장이 섞이면 “안 됨” (0.0초)
  [기대대로] U-report-first-lines 판정서 첫 네 줄: 판정 → 상민님이 하실 일 → 분포 → 심사 대상 (0.0초)
  [기대대로] U-static-server 법정 서버: 배포 안 되는 경로(denyPrefixes)와 폴더 밖(../)은 내주지 않는다 (0.1초)
  [기대대로] U-module-probe 부품 로드 탐침: 로드 즉시 예외·전역 소실은 회귀, 양쪽 다 죽으면 회귀가 아니라 “못 봄” (0.0초)
  [기대대로] U-site-host 법정 주소: 실행마다 새 호스트 이름을 고르고, 설정으로 고정할 수 없다 (0.0초)
  [기대대로] U-added-lines 추가된 줄 검사: 법정을 알아보는 글자는 돌려보냄감, 접속 환경을 읽는 줄은 표시감, 흔한 정상 코드는 어느 쪽도 아니다 (0.0초)
  [기대대로] U-where 실행 장소: 환경변수 하나로는 “GitHub 에서 실행”이 되지 않는다(네 가지가 모두 맞아야 한다) (0.0초)
  [기대대로] U-verdict-id 판정번호: 같은 조건이면 같은 번호, 실행 장소·빠른 점검 여부·GitHub 실행 번호가 다르면 다른 번호 (0.0초)
  [기대대로] U-title-numbering 검사 제목: 번호 표기([검증 3/4])만 바뀐 것은 사라진 단언이 아니고, 제목만 고친 검사는 본문이 그대로일 때만 “제목만 바뀜”이다 (0.0초)
  [기대대로] U-classify 검사 분류: 글자가 있는지만 보는 검사만 글자 검사다 — 같은 제목이 여럿이면 전부 보고, 검사 사이의 구획 출력 줄은 앞 검사에 딸려 들어가지 않는다 (0.0초)
  [기대대로] U-module-moved 부품 로드 탐침: 전역을 다른 부품으로 옮긴 것·주석에만 남은 파일 이름은 고장이 아니다(진짜 소실·진짜 script 태그는 그대로 고장) (0.1초)
  [기대대로] U-boot-compare 앱 띄우기 비교: 오류 문구 속 앱 주소는 고정 글자로 바꾸고, 여러 번 돌려 매번 그대로인 차이만 고장 후보다 (0.0초)
  [기대대로] U-base-tests 기준 시험지 채점: 제품이 시험을 죽이면 도구 오류가 아니라 그 변경의 고장, 제품이 찍은 결과 줄·끝낸 프로세스는 꾸민 흔적, 정직하게 깨진 검사는 깨진 검사 (1.4초)
  [기대대로] U-claims-rules 주장 규칙: 검사하는 파일은 걸린 파일에 있어야 하고, 법정이 잴 수 있는 종류는 정해진 사유 없이 “확인 못 함”으로 낼 수 없으며, 시간이 다 되면 “확인 못 함(시간 부족)”이다 (0.0초)
  [기대대로] U-rollup-notes 집계의 꼬리말: 철회·시간 부족·법정 도구 한계를 구분해 남기고, 다시 돌린 옛 시험이 안 되면 그 지시는 “안 됨”이다 (0.0초)
  [기대대로] U-report-blocks 판정서 본문: 주장 아래에 법정이 실제로 한 일과 보증 범위, 효력 안내, 미리 써 둔 판정서 안내, 작업자 글자의 무력화 (0.0초)
  [기대대로] U-vault-classify 금고 분류: 동결·테스트·문서 목록에 없는 변경은 전부 제품이다(목록 밖 배포 파일, 설정 파일의 동결 칸 밖) (14.8초)
  [기대대로] U-browser-tools 브라우저 도구: 제어 호출의 제한 시간, 띄운 브라우저 목록, 자동 브라우저 표식을 지운 상표 목록 (0.0초)
  [기대대로] U-readme-examples 안내서의 예시: court/README.md 의 주장 파일·시나리오 예시는 법정의 형식 검사를 그대로 통과해야 한다 (0.0초)
  [기대대로] U-chat-history 법정 댓글의 이력: 앞선 심사에서 “안 됨”이던 지시는 법정의 재확인으로만 풀리고, 같은 커밋의 재심사는 횟수를 올리지 않는다 (0.0초)
  [기대대로] U-chat-comment 법정 댓글 읽기: 법정 계정이 쓴 표식 댓글만 고르고, 굵은 네 줄은 줄 번호가 아니라 표식 아래 연달아 나오는 굵은 줄로 읽는다 (0.0초)
  [기대대로] U-chat-editor 법정 기록을 누가 고쳤는가: 법정이 아닌 계정이 고친 댓글은 믿지 않고, 그 표시는 그 PR 에서 지워지지 않으며, 못 읽었으면 “안 고쳐졌다”고 하지 않는다 (0.0초)
  [기대대로] U-new-debt-pure 새로 생긴 정적 위반(순수 함수): 줄 수 세기, 800줄 상한의 네 경우, 추가된 줄의 번호, 은폐·금지 낱말 찾기 (0.0초)
  [기대대로] U-new-debt-repo 새로 생긴 정적 위반(합성 저장소): 기존 부채만 있는 변경은 0건, 새 은폐 줄·새 800줄 초과 파일·새 금지 낱말은 잡는다 (37.8초)
  [기대대로] U-new-debt-judge 새로 생긴 정적 위반(법정 배선): 빠른 점검에서 새 은폐 줄은 돌려보냄이고, 기존 부채만 있는 변경에는 이 사유가 나오지 않는다 (15.9초)
  [기대대로] U-preserve-contracts 동작 보존 계약: 상수가 전 모듈에 걸쳐 일치하고 기존 검증 경로와 결합된다 (0.0초)
  [기대대로] U-preserve-judge-claim-truth 동작 보존 심사 진리표: 양쪽 통과/실패, 흔들림, 공허 시나리오, 확인 못 함 처리가 올바르다 (0.0초)
  [기대대로] U-preserve-states-mismatch 상태 비교: DOM, 저장값 불일치 처리 및 무시된 동적 값 (0.0초)
  [기대대로] U-preserve-headline-and-rollup 동작 보존 요약 및 판정 헤드라인: rollup 집계 및 headline 이 preserve 정체성을 솔직히 반영한다 (0.0초)
  [기대대로] U-preserve-source-shell-injection 셸 문자 든 파일 이름 거절 (0.0초)

[2] 별표↔JSON 대조
  [기대대로] A-appendix 별표↔JSON 대조: 헌법 정본의 [별표 2]·[별표 3]이 grade-floors.json·vault.json 과 같다 (0.0초)

[3] 가짜·정직 사례 — 화면 점검 없이 걸러져야 하는 것(빠른 점검)
  [기대대로] F24 없는 브랜치: --head 에 존재하지 않는 브랜치를 줌 → 심사 못 함 — 작업 커밋을 찾을 수 없다: case/no-such-branch-f24 — 없는 브랜치·커밋이다 (3.3초)
  [기대대로] F3 로드 즉시 죽는 부품: js/mod.js 가 정의 안 된 함수를 부름 → 돌려보냄 — 되던 기능 1개가 고장 났습니다 (그 밖의 사유 1건) (6.3초)
  [기대대로] F4 예외 없이 전역 등록만 사라짐: window.LabMod 등록을 지역 변수로 바꿈 → 돌려보냄 — 되던 기능 1개가 고장 났습니다 (그 밖의 사유 1건) (6.8초)
  [기대대로] F7a 제품 코드와 금고 파일(court/config.json·.github/workflows)을 한 묶음에서 같이 고침 → 돌려보냄 — 채점 기준을 같이 고침 외 1건 (7.0초)
  [기대대로] F7b 제품 코드와 함께 자기 검증 스크립트(scripts/verify-x.js)를 새로 만듦 → 심사 전 — 빠른 점검에서는 막을 이유가 없었습니다(화면 점검은 하지 않음) — 이 문구는 판정이 아니며 보고에 옮겨 적을 수 없습니다 (7.3초)
  [기대대로] F8b 제품을 깨뜨리고 그 검사를 지움: mod.js 에서 greet 를 빼고 smoke-test 의 해당 단언을 삭제 → 돌려보냄 — 주장 없음 외 2건 (8.4초)
  [기대대로] F10 주장 없음: 제품 코드를 바꿨는데 claims.json 이 없음 → 돌려보냄 — 주장 없음 (7.2초)
  [기대대로] F11 등급 자기 기재: claims.json 의 주장에 grade 필드를 적음 → 돌려보냄 — 주장 파일 형식 오류 (7.0초)
  [기대대로] F20 검증 환경 감지: 제품 코드에 navigator.webdriver 분기 추가 → 돌려보냄 — 검증 환경을 알아채는 코드 외 1건 (7.0초)
  [기대대로] F21 성적표 커밋: reports/T/verdict.json 을 저장소에 넣음 → 돌려보냄 — 성적표를 저장소에 넣음 외 2건 (8.1초)
  [기대대로] F29 법정 주소 알아보기: 제품 코드가 법정이 앱을 여는 주소의 모양을 보고 갈라짐 → 돌려보냄 — 검증 환경을 알아채는 코드 외 1건 (7.8초)
  [기대대로] F32 시험 결과 꾸미기: 제품 부품이 고장 난 검사의 통과 줄을 대신 찍고 시험 프로세스를 끝냄 → 돌려보냄 — 제품 코드가 프로세스를 끝냄 외 3건 (12.7초)
  [기대대로] H4 정직: 인사 함수 등록 방식을 바꿔 글자 검사 2개가 깨졌고, 검사 제목별로 폐기 사유(retire)를 적어 냄 → 심사 전 — 빠른 점검에서는 막을 이유가 없었습니다(화면 점검은 하지 않음) — 이 문구는 판정이 아니며 보고에 옮겨 적을 수 없습니다 (8.6초)
  [기대대로] F34 검사하는 파일을 걸린 파일에서 뺌: check.file 은 js/app.js 인데 touches 에는 문서만 적음 → 돌려보냄 — 주장 파일 형식 오류 (7.9초)
  [기대대로] F35 금고의 제품 목록에 없는 배포 파일만 바꿈(robots.txt·assets/) — 주장 없이 통과하면 안 된다 → 돌려보냄 — 주장 없음 (9.3초)
  [기대대로] F36 실행 장소 속이기: 작업자 PC 에서 GITHUB_ACTIONS 만 켜고 돌림 — GitHub 실행으로 찍히면 안 된다 → 돌려보냄 — 주장 없음 (7.9초)
  [기대대로] F37 폐기 사유 하나로 여러 검사 덮기: 검사 2개를 약하게 고치고 사유는 한 검사 제목에만 적음 → 돌려보냄 — 있던 검사 기준을 고쳤는데 사유가 없음 (9.6초)
  [기대대로] F38 제목을 고치는 척 검사를 약화: 제목 글자와 함께 본문 단언을 assert.ok(true) 로 바꿈(사유 없음) → 돌려보냄 — 있던 검사 기준을 고쳤는데 사유가 없음 (8.7초)
  [기대대로] F39 검사 바꿔치기: 제품 함수를 돌리던 검사를 지우고 그 자리에 항상 참인 새 검사를 넣음(사유 없음) → 돌려보냄 — 있던 검사 기준을 고쳤는데 사유가 없음 (9.1초)
  [기대대로] F40 제품이 기존 시험을 죽임: 시험지가 같은 프로세스에서 돌리는 부품(js/calc.js)에 화면 전용 코드를 넣음 → 돌려보냄 — 제품 코드가 기존 시험을 죽임 (9.3초)
  [기대대로] H5 정직: 검사를 하나 더하면서 기존 검사 제목의 번호 표기만 고침([검증 1/2] → [검증 1/3]) → 심사 전 — 빠른 점검에서는 막을 이유가 없었습니다(화면 점검은 하지 않음) — 이 문구는 판정이 아니며 보고에 옮겨 적을 수 없습니다 (7.7초)
  [기대대로] H6 정직: 제품 함수를 돌리는 검사의 제목 글자만 고침(본문 그대로) → 심사 전 — 빠른 점검에서는 막을 이유가 없었습니다(화면 점검은 하지 않음) — 이 문구는 판정이 아니며 보고에 옮겨 적을 수 없습니다 (9.5초)
  [기대대로] H7 정직: 제품 함수를 돌리는 검사를 느슨하게 고치고 사유를 적음 — 돌려보내지 않되 상민님 결심 사항으로 올라가야 한다 → 심사 전 — 빠른 점검에서는 막을 이유가 없었습니다(화면 점검은 하지 않음) — 이 문구는 판정이 아니며 보고에 옮겨 적을 수 없습니다 (11.7초)
  [기대대로] H11 정직: 전역(LabExtra) 등록을 다른 부품 파일로 옮기고 그 파일을 index.html 에서 부름 → 심사 전 — 빠른 점검에서는 막을 이유가 없었습니다(화면 점검은 하지 않음) — 이 문구는 판정이 아니며 보고에 옮겨 적을 수 없습니다 (9.9초)
  [기대대로] H12 정직: 안 쓰는 부품을 지우고 script 태그를 뺌 — 지운 파일 이름이 index.html 의 주석에만 남음 → 심사 전 — 빠른 점검에서는 막을 이유가 없었습니다(화면 점검은 하지 않음) — 이 문구는 판정이 아니며 보고에 옮겨 적을 수 없습니다 (7.7초)
  [기대대로] T1 판정번호: 같은 조건의 재실행은 같은 번호, 실행 장소·실행 번호가 다르면 다른 번호 → 3AAB03FB / 8A3308ED / A5A1660D (26.4초)
  [기대대로] T2 도구 오류와 돌려보냄 사유가 겹칠 때: 판정은 돌려보냄이고 첫 줄에 “끝내지 못한 점검”을 덧붙인다(도구 오류만 있으면 심사 못 함) → 돌려보냄 / 심사 못 함 (12.9초)

[4] 묶음 사례(주장 단위 가짜·회귀 가짜) — 묶어서 법정 1회씩(화면 점검 포함)

